Python 3.9.6 (tags/v3.9.6:db3ff76, Jun 28 2021, 15:26:21) [MSC v.1929 64 bit (AMD64)] on win32
Type "help", "copyright", "credits" or "license()" for more information.
>>> x = 5
>>> x
5
>>> y = 7
>>> y
7
>>> x > 7
False
>>> x<y
True
>>> x>=y
False
>>> x <= y
True
>>> x == y
False
>>> x != y
True
>>> true
Traceback (most recent call last):
  File "<pyshell#10>", line 1, in <module>
    true
NameError: name 'true' is not defined
>>> True
True
>>> False
False
>>> True != False
True
>>> 'apple' == 'Apple'
False
>>> 'apple' < 'Apple'
False
>>> 'apple' > 'Apple'
True
>>> not True
False
>>> not False
True
>>> 
>>> not(x<y)
False
>>> not(x>y)
True
>>> not x
False
>>> not x>y
True
>>> not 0
True
>>> not 1
False
>>> True or False
True
>>> True and False
False
>>> x < y and y > x
True
>>> x >=1 and x<=10 #in the range 1 to 10 inclusive
True
>>> z = 15
>>> z>1 and z<10
False
>>> 